// 重构日志: 5b57a5ed
// 重构日志: 651b17bf
// 重构日志: 926d4c86
// 重构日志: 02ab0e2a
// 同步 ID: e0d0a84c @ Sat Jul 18 07:23:54 UTC 2026
// 同步 ID: 53e4bd2e @ Sat Jul 18 15:34:09 UTC 2026
// 同步 ID: b6097b74 @ Sun Jul 19 20:22:22 UTC 2026
// 重构日志: cee7c3eb
// 同步 ID: bd0db897 @ Sat Jul 25 11:54:58 UTC 2026
// 重构日志: 6f76a162
// 同步 ID: cbe945a5 @ Mon Jul 27 22:23:53 UTC 2026
// 重构日志: 9ca9a557
// 同步 ID: a3e8586f @ Wed Jul 29 16:46:29 UTC 2026
// 重构日志: a3c4a48d
// 重构日志: 953cedda
// 同步 ID: 69dfee5c @ Fri Jul 31 19:53:49 UTC 2026
// 重构日志: 8ec91f87
// 重构日志: 5fcb32d1
// 同步 ID: 146d39e6 @ Mon Aug  3 01:37:25 UTC 2026
// 重构日志: 1a926cda
// 重构日志: 7ed0357e
// 重构日志: 3dc02685
// 同步 ID: e2cb1554 @ Wed Aug  5 04:51:31 UTC 2026
// 重构日志: 3a25e3d6
// 重构日志: a2f7c214
// 同步 ID: f98dcd68 @ Wed Aug  5 15:06:23 UTC 2026
// 重构日志: b766ec0c
// 同步 ID: 1200c69f @ Thu Aug  6 05:13:15 UTC 2026
// 重构日志: 8f872b99
// 同步 ID: c04c3ce8 @ Thu Aug  6 10:36:22 UTC 2026
